# Ayuda contextual localizada para wxPSeInt.
# Formato: palabra_clave=archivo.html

leer=lectura.html
lectura=lectura.html
subproceso=subprocesos.html
subprocesos=subprocesos.html
funcion=subprocesos.html
función=subprocesos.html
subalgoritmo=subprocesos.html
finsubalgoritmo=subprocesos.html
escribir=escritura.html
escritura=escritura.html
mostrar=escritura.html
imprimir=escritura.html
sin=escritura.html
saltar=escritura.html
bajar=escritura.html
sinbajar=escritura.html
sinsaltar=escritura.html
dimension=arreglos.html
dimensión=arreglos.html
dimensionar=arreglos.html
redimension=arreglos.html
redimensión=arreglos.html
redimensionar=arreglos.html
matriz=arreglos.html
matrices=arreglos.html
arreglo=arreglos.html
arreglos=arreglos.html
vector=arreglos.html
vectores=arreglos.html
definir=definir.html
definicion=definir.html
definición=definir.html
como=definir.html
son=definir.html
numero=tipos.html
número=tipos.html
numerico=tipos.html
numérico=tipos.html
numerica=tipos.html
numérica=tipos.html
logica=tipos.html
logico=tipos.html
cadena=tipos.html
texto=tipos.html
caracter=tipos.html
tipo=tipos.html
tipos=tipos.html
si=si.html
finsi=si.html
entonces=si.html
sino=si.html
asignar=asignacion.html
asignacion=asignacion.html
repetir=repetir.html
para=para.html
cada=para.html
en=para.html
de=para.html
desde=para.html
hasta=para.html
paso=para.html
finpara=para.html
segun=segun.html
según=segun.html
opcion=segun.html
caso=segun.html
otro=segun.html
modo=segun.html
sies=segun.html
case=segun.html
finsegun=segun.html
finsegún=segun.html
mientras=mientras.html
finmientras=mientras.html
proceso=forma.html
finproceso=forma.html
algoritmo=forma.html
finalgoritmo=forma.html
hacer=hacer.html
operador=operadores.html
operadores=operadores.html
mod=operadores.html
funciones=funciones.html
pi=funciones.html
euler=funciones.html
sen=funciones.html
sin=funciones.html
asen=funciones.html
asin=funciones.html
cos=funciones.html
acos=funciones.html
tan=funciones.html
atan=funciones.html
azar=funciones.html
aleatorio=funciones.html
trunc=funciones.html
rc=funciones.html
ln=funciones.html
redon=funciones.html
abs=funciones.html
fecha=funciones.html
hora=funciones.html
fechaactual=funciones.html
horaactual=funciones.html
mayusculas=funciones.html
mayúsculas=funciones.html
minusculas=funciones.html
minúsculas=funciones.html
longitud=funciones.html
subcadena=funciones.html
concatenar=funciones.html
convertiranumero=funciones.html
convertiranúmero=funciones.html
convertiratexto=funciones.html
divisible=colcond.html
multiplo=colcond.html
positivo=colcond.html
negativo=colcond.html
impar=colcond.html
par=colcond.html
cero=colcond.html
distinto=colcond.html
igual=colcond.html
es=colcond.html
menor=colcond.html
mayor=colcond.html
esperartecla=secotras.html
tecla=secotras.html
esperar=secotras.html
limpiar=secotras.html
limpiarpantalla=secotras.html
borrar=secotras.html
borrarpantalla=secotras.html
pantalla=secotras.html
variable=variables.html
variables=variables.html
ejemplo=ejemplos.html
ejemplos=ejemplos.html
